// Jest Snapshot v1, https://goo.gl/fbAQLP

exports[`HostSettingsMenu rendering matches the expected snapshot 1`] = `
.c1 {
  width: 100%;
  background-color: var(--secondary-background-color);
  color: var(--secondary-text-color);
}

.c3 {
  color: var(--primary-text-color);
  background-color: var(--primary-background-color);
  display: -webkit-box;
  display: -webkit-flex;
  display: -ms-flexbox;
  display: flex;
  -webkit-flex-direction: column;
  -ms-flex-direction: column;
  flex-direction: column;
  border: none;
  padding: 20px 25px;
  width: 100%;
  text-align: left;
  font-size: 1rem;
  font-weight: 700;
}

.c3:hover {
  background-color: var(--accent-background-color);
}

.c2 {
  color: #dddddd;
  color: var(--primary-text-color);
  background-color: var(--primary-background-color);
  display: -webkit-box;
  display: -webkit-flex;
  display: -ms-flexbox;
  display: flex;
  -webkit-flex-direction: column;
  -ms-flex-direction: column;
  flex-direction: column;
  border: none;
  padding: 30px 0 20px 25px;
  text-align: left;
  font-size: 1rem;
  font-weight: 700;
}

.c2:hover {
  background-color: var(--accent-background-color);
}

.c0 {
  position: absolute;
  top: 0;
  right: 0;
  bottom: 0;
  width: 250px;
  background-color: var(--primary-background-color);
  display: -webkit-box;
  display: -webkit-flex;
  display: -ms-flexbox;
  display: flex;
  -webkit-flex-direction: column;
  -ms-flex-direction: column;
  flex-direction: column;
}

.c0 .host-settings-header {
  display: -webkit-box;
  display: -webkit-flex;
  display: -ms-flexbox;
  display: flex;
  -webkit-align-items: flex-end;
  -webkit-box-align: flex-end;
  -ms-flex-align: flex-end;
  align-items: flex-end;
  height: 50px;
}

.c0 .host-settings-header h3 {
  font-size: 1.5rem;
  line-height: 0.9rem;
  color: var(--secondary-text-color);
}

@media (min-width:800px) {
  .c3 {
    font-size: 1.5rem;
  }
}

@media (min-width:2000px) {
  .c3 {
    font-size: 2.5rem;
  }
}

@media (min-width:3500px) {
  .c3 {
    font-size: 4.5rem;
  }
}

@media (min-width:800px) {
  .c2 {
    font-size: 1.5rem;
  }
}

@media (min-width:2000px) {
  .c2 {
    font-size: 2.5rem;
  }
}

@media (min-width:3500px) {
  .c2 {
    font-size: 4.5rem;
  }
}

@media (min-width:800px) {
  .c0 {
    width: 400px;
  }

  .c0 .host-settings-header {
    height: 130px;
  }

  .c0 .host-settings-header h3 {
    font-size: 3.5rem;
    line-height: 2.2rem;
  }
}

@media (min-width:2000px) {
  .c0 {
    width: 600px;
  }

  .c0 .host-settings-header h3 {
    font-size: 5rem;
    line-height: 3rem;
  }
}

@media (min-width:3500px) {
  .c0 {
    width: 1100px;
  }

  .c0 .host-settings-header {
    height: 200px;
  }

  .c0 .host-settings-header h3 {
    font-size: 8rem;
    line-height: 5rem;
  }
}

<div
  className="c0"
  onClick={[Function]}
>
  <header
    className="c1 host-settings-header"
    onClick={[Function]}
  >
    <h3>
      SETTINGS
    </h3>
  </header>
  <button
    className="c2"
    onClick={[Function]}
  >
    HIDE JOIN CODE
  </button>
  <div>
    <button
      className="c3"
      onClick={[Function]}
      type="button"
    >
      KICK PLAYER
    </button>
  </div>
  <button
    className="c2"
    onClick={[Function]}
  >
    SHUFFLE JOIN CODE
  </button>
</div>
`;
