// Jest Snapshot v1, https://goo.gl/fbAQLP

exports[`WelcomeScreen render renders correctly 1`] = `
.c2 {
  display: block;
  border: 2px solid var(--primary-text-color);
  font-size: 12px;
  font-weight: bold;
  padding: 0.7em;
  background: var(--secondary-background-color);
  color: var(--secondary-text-color);
  background: var(--primary-background-color);
  color: var(--primary-text-color);
}

.c2:hover,
.c2:active,
.c2:focus {
  background: var(--accent-background-color);
  cursor: pointer;
}

.c3 {
  display: -webkit-box;
  display: -webkit-flex;
  display: -ms-flexbox;
  display: flex;
  -webkit-flex-direction: column;
  -ms-flex-direction: column;
  flex-direction: column;
  -webkit-box-pack: end;
  -webkit-justify-content: flex-end;
  -ms-flex-pack: end;
  justify-content: flex-end;
  height: 122px;
  font-size: 36px;
  font-weight: 400;
  padding-right: 16px;
  padding-bottom: 2px;
  background-color: var(--secondary-background-color);
  color: var(--secondary-text-color);
}

.c3 p {
  text-align: right;
  position: relative;
}

.c3 a {
  color: var(--secondary-text-color);
  -webkit-text-decoration: none;
  text-decoration: none;
}

.c1 {
  width: 100%;
  background-color: var(--secondary-background-color);
  color: var(--secondary-text-color);
  display: -webkit-box;
  display: -webkit-flex;
  display: -ms-flexbox;
  display: flex;
  -webkit-flex-direction: column;
  -ms-flex-direction: column;
  flex-direction: column;
  -webkit-box-pack: end;
  -webkit-justify-content: flex-end;
  -ms-flex-pack: end;
  justify-content: flex-end;
  height: min(20vh,400px);
}

.c1 .welcome-to {
  font-size: clamp(18px,1.7vw,42px);
  font-weight: 500;
  line-height: 100%;
  margin-bottom: max(-0.7vw,-10px);
}

.c1 .CoC {
  font-size: clamp(48px,4.5vw,110px);
  font-weight: 700;
  line-height: 100%;
  margin-bottom: max(-0.8vw,-20px);
  padding-right: 5px;
}

.c0 {
  display: -webkit-box;
  display: -webkit-flex;
  display: -ms-flexbox;
  display: flex;
  -webkit-flex-direction: column;
  -ms-flex-direction: column;
  flex-direction: column;
  position: fixed;
  top: 0;
  bottom: 0;
  left: 0;
  right: 0;
  height: 100%;
  background-color: var(--primary-background-color);
}

.c0 main {
  display: -webkit-box;
  display: -webkit-flex;
  display: -ms-flexbox;
  display: flex;
  -webkit-flex-direction: column;
  -ms-flex-direction: column;
  flex-direction: column;
  -webkit-box-pack: center;
  -webkit-justify-content: center;
  -ms-flex-pack: center;
  justify-content: center;
  -webkit-align-items: center;
  -webkit-box-align: center;
  -ms-flex-align: center;
  align-items: center;
  margin: auto;
}

.c0 .definition-container {
  display: -webkit-box;
  display: -webkit-flex;
  display: -ms-flexbox;
  display: flex;
  -webkit-flex-direction: column;
  -ms-flex-direction: column;
  flex-direction: column;
  font-size: 5.2rem;
  font-weight: 700;
  line-height: 4.2rem;
  -webkit-transform: rotate(-5deg);
  -ms-transform: rotate(-5deg);
  transform: rotate(-5deg);
  margin-bottom: 190px;
}

.c0 .definition {
  font-size: 4rem;
  font-weight: 400;
}

.c0 .definition-container p {
  display: inline-block;
}

.c0 .button-container {
  display: -webkit-box;
  display: -webkit-flex;
  display: -ms-flexbox;
  display: flex;
  -webkit-flex-direction: row;
  -ms-flex-direction: row;
  flex-direction: row;
  -webkit-align-items: center;
  -webkit-box-align: center;
  -ms-flex-align: center;
  align-items: center;
}

.c0 .button {
  display: -webkit-box;
  display: -webkit-flex;
  display: -ms-flexbox;
  display: flex;
  -webkit-box-pack: center;
  -webkit-justify-content: center;
  -ms-flex-pack: center;
  justify-content: center;
  -webkit-align-items: center;
  -webkit-box-align: center;
  -ms-flex-align: center;
  align-items: center;
  font-size: 6rem;
  font-weight: 900;
  width: 317px;
  height: 82px;
  font-size: 3.6rem;
}

.c0 .OR {
  display: -webkit-box;
  display: -webkit-flex;
  display: -ms-flexbox;
  display: flex;
  -webkit-align-items: center;
  -webkit-box-align: center;
  -ms-flex-align: center;
  align-items: center;
  -webkit-box-pack: center;
  -webkit-justify-content: center;
  -ms-flex-pack: center;
  justify-content: center;
  background-color: var(--secondary-background-color);
  color: var(--secondary-text-color);
  border-radius: 50%;
  padding: 16px;
  font-size: 2.3rem;
  font-weight: 700;
  width: 82px;
  height: 82px;
  margin-left: 93px;
  margin-right: 93px;
}

@media (max-width:1920px) {
  .c3 {
    height: 110px;
    font-size: 30px;
  }
}

@media (max-width:1440px) {
  .c3 {
    height: 90px;
    font-size: 26px;
  }
}

@media (max-width:1300px) {
  .c3 {
    height: 80px;
    font-size: 23px;
  }
}

@media (max-width:970px) {
  .c3 {
    text-align: center;
    height: 70px;
    font-size: 18px;
  }
}

@media (max-width:570px) and (min-height:501px) {
  .c3 {
    height: 120px;
    background-color: transparent;
  }

  .c3 p {
    text-align: center;
    font-size: 1.2rem;
    padding-bottom: 32px;
    color: var(--accent-text-color);
  }

  .c3 a {
    color: var(--accent-text-color);
    display: block;
  }
}

@media (max-height:500px) {
  .c3 {
    height: 50px;
    padding-bottom: 4px;
    padding-right: 10px;
  }

  .c3 p {
    font-size: 13px;
  }
}

@media (max-width:320px) {
  .c3 {
    font-size: 1rem;
    padding-right: 0px;
  }
}

@media (max-width:900px) {
  .c1 .CoC {
    margin-bottom: -8px;
  }
}

@media (max-width:600px) {
  .c1 .CoC {
    margin-bottom: -7px;
  }
}

@media (max-width:490px),(orientation:landscape) and (max-height:500px) {
  .c1 .welcome-to {
    display: none;
  }
}

@media (orientation:landscape) and (max-height:500px) {
  .c1 {
    height: 80px;
  }
}

@media (max-width:1920px) {
  .c0 .definition-container {
    font-size: 4.5rem;
    line-height: 3.7rem;
    margin-bottom: 150px;
  }

  .c0 .definition {
    font-size: 3.5rem;
  }

  .c0 .button {
    width: 290px;
    height: 74px;
    font-size: 3.2rem;
  }

  .c0 .OR {
    width: 74px;
    height: 74px;
    margin-left: 93px;
    margin-right: 93px;
    font-size: 2rem;
  }
}

@media (max-width:1440px) {
  .c0 .definition-container {
    font-size: 3.2rem;
    line-height: 2.6rem;
    margin-bottom: 90px;
  }

  .c0 .definition {
    font-size: 2.5rem;
  }

  .c0 .button {
    width: 256px;
    height: 66px;
    font-size: 2.5rem;
  }

  .c0 .OR {
    width: 66px;
    height: 66px;
    margin-left: 93px;
    margin-right: 93px;
    font-size: 1.8rem;
  }
}

@media (max-width:950px) {
  .c0 .definition-container {
    font-size: 2.4rem;
    line-height: 1.8rem;
  }

  .c0 .definition {
    font-size: 1.85rem;
  }

  .c0 .button {
    width: 200px;
    height: 51px;
    font-size: 2rem;
  }

  .c0 .OR {
    width: 51px;
    height: 51px;
    margin-left: 70px;
    margin-right: 70px;
    font-size: 1.4rem;
  }
}

@media (max-width:700px),(max-width:900px) and (max-height:500px) {
  .c0 .definition-container {
    display: none;
  }

  .c0 .host-button {
    display: none;
  }

  .c0 .OR {
    display: none;
  }
}

@media (min-width:2561px) {
  .c0 .definition-container {
    font-size: 6.5rem;
    line-height: 4.8rem;
    margin-bottom: 300px;
  }

  .c0 .definition {
    font-size: 5rem;
  }

  .c0 .button {
    width: 490px;
    height: 126px;
    font-size: 5.2rem;
  }

  .c0 .OR {
    width: 126px;
    height: 126px;
    margin-left: 93px;
    margin-right: 93px;
    font-size: 3.8rem;
  }
}

<div
  className="c0 primary-background"
>
  <header
    className="c1"
    data-testid="header"
  >
    <p
      className="welcome-to"
      data-testid="welcome-text"
    >
      WELCOME TO
    </p>
    <h1
      className="CoC"
    >
      CARDS OF CAROUSAL
    </h1>
  </header>
  <main>
    <div
      className="definition-container"
    >
      <p
        className="word"
      >
        CAROUSAL 
        <span
          className="definition"
        >
          (n)
        </span>
      </p>
      <p
        className="definition"
      >
        a wild, drunken party or celebration : a drunken revel
      </p>
    </div>
    <div
      className="button-container"
    >
      <button
        className="c2 button"
        onClick={[Function]}
        type="button"
      >
        <p>
          JOIN
        </p>
      </button>
      <div
        className="OR"
      >
        OR
      </div>
      <button
        className="c2 button host-button"
        onClick={[Function]}
        type="button"
      >
        <p>
          HOST
        </p>
      </button>
    </div>
  </main>
  <footer
    className="c3"
    data-testid="footer"
  >
    <p>
      Card content thanks to:
       
      <a
        href="https://cardsagainsthumanity.com"
      >
        https://cardsagainsthumanity.com
      </a>
    </p>
    <p>
      Made by Odin students, with love:
       
      <a
        href="https://www.theodinproject.com"
      >
        https://www.theodinproject.com
      </a>
    </p>
  </footer>
</div>
`;
