// Jest Snapshot v1, https://goo.gl/fbAQLP

exports[`PlayerJoin snapshot matches 1`] = `
.c3 {
  display: block;
  border: 2px solid var(--primary-text-color);
  font-size: 12px;
  font-weight: bold;
  padding: 0.7em;
  background: var(--secondary-background-color);
  color: var(--secondary-text-color);
}

.c3:hover,
.c3:active,
.c3:focus {
  background: var(--accent-background-color);
  cursor: pointer;
}

.c1 {
  width: 100%;
  background-color: var(--secondary-background-color);
  color: var(--secondary-text-color);
}

.c5 {
  display: -webkit-box;
  display: -webkit-flex;
  display: -ms-flexbox;
  display: flex;
  -webkit-flex-direction: column;
  -ms-flex-direction: column;
  flex-direction: column;
  -webkit-box-pack: end;
  -webkit-justify-content: flex-end;
  -ms-flex-pack: end;
  justify-content: flex-end;
  height: 200px;
  font-size: 3.5rem;
  font-weight: 400;
  padding-right: 16px;
  padding-bottom: 10px;
  background-color: var(--secondary-background-color);
  color: var(--secondary-text-color);
}

.c5 p {
  text-align: right;
  position: relative;
}

.c5 a {
  color: var(--secondary-text-color);
  -webkit-text-decoration: none;
  text-decoration: none;
}

.c0 {
  position: fixed;
  top: 0;
  bottom: 0;
  left: 0;
  right: 0;
  display: grid;
  height: 100%;
  background-color: var(--primary-background-color);
  grid-template-rows: 190px 1fr 140px;
  grid-template-columns: 1fr;
}

.c0 main {
  display: -webkit-box;
  display: -webkit-flex;
  display: -ms-flexbox;
  display: flex;
  -webkit-flex-direction: column;
  -ms-flex-direction: column;
  flex-direction: column;
  -webkit-align-items: center;
  -webkit-box-align: center;
  -ms-flex-align: center;
  align-items: center;
  -webkit-box-pack: center;
  -webkit-justify-content: center;
  -ms-flex-pack: center;
  justify-content: center;
}

.c0 .player-join-form-container {
  width: 100%;
  max-width: 1650px;
  margin: 0 auto;
  text-align: center;
  padding: 20px 80px 20px 80px;
}

.c0 .player-join-form {
  display: grid;
  grid-template-columns: 52% 48%;
  grid-template-rows: 90px 160px 1fr;
}

.c0 input {
  text-transform: uppercase;
  font-size: 4.4rem;
  font-weight: 500;
  border: none;
  border-bottom: 4px solid var(--primary-text-color);
  padding-top: 24px;
  background: transparent;
  padding-left: 0;
}

.c0 input::-webkit-input-placeholder {
  color: var(--primary-text-color);
  font-weight: 500;
  font-size: 4.4rem;
}

.c0 input::-moz-placeholder {
  color: var(--primary-text-color);
  font-weight: 500;
  font-size: 4.4rem;
}

.c0 input:-ms-input-placeholder {
  color: var(--primary-text-color);
  font-weight: 500;
  font-size: 4.4rem;
}

.c0 input::placeholder {
  color: var(--primary-text-color);
  font-weight: 500;
  font-size: 4.4rem;
}

.c0 .player-join-name-input {
  margin-right: 32px;
}

.c0 .player-join-code-input {
  margin-left: 32px;
}

.c2 {
  display: -webkit-box;
  display: -webkit-flex;
  display: -ms-flexbox;
  display: flex;
  -webkit-flex-direction: column;
  -ms-flex-direction: column;
  flex-direction: column;
  -webkit-box-pack: end;
  -webkit-justify-content: flex-end;
  -ms-flex-pack: end;
  justify-content: flex-end;
}

.c2 h1 {
  font-size: 6rem;
  line-height: 6rem;
  text-transform: uppercase;
  margin-bottom: -16px;
  vertical-align: bottom;
}

.c4 {
  grid-column: 1 / 3;
  grid-row: 3;
  width: 900px;
  height: 250px;
  margin: 0 auto;
  border-radius: 2px;
  background-color: var(--secondary-background-color);
  text-transform: uppercase;
  font-size: 4rem;
}

@media (max-width:2000px) {
  .c5 {
    height: 140px;
    font-size: 2rem;
  }
}

@media (max-width:970px) {
  .c5 {
    text-align: center;
    font-size: 1.5rem;
  }
}

@media (max-width:785px) {
  .c5 {
    height: 120px;
    background-color: transparent;
  }

  .c5 p {
    text-align: center;
    font-size: 1.2rem;
    padding-bottom: 32px;
    color: var(--accent-text-color);
  }

  .c5 a {
    color: var(--accent-text-color);
    display: block;
  }
}

@media (max-width:320px) {
  .c5 {
    font-size: 1rem;
    padding-right: 0px;
  }
}

@media screen and (max-width:2000px) {
  .c0 .player-join-form-container {
    max-width: 1000px;
  }

  .c0 .player-join-form {
    grid-template-rows: 60px 88px 1fr;
  }

  .c0 input {
    font-size: 1.6rem;
    border-bottom: 2px solid var(--primary-text-color);
    padding-top: 36px;
  }

  .c0 input::-webkit-input-placeholder {
    font-size: 1.6rem;
  }

  .c0 input::-moz-placeholder {
    font-size: 1.6rem;
  }

  .c0 input:-ms-input-placeholder {
    font-size: 1.6rem;
  }

  .c0 input::placeholder {
    font-size: 1.6rem;
  }

  .c0 .player-join-name-input {
    margin-right: 16px;
  }

  .c0 .player-join-code-input {
    margin-left: 16px;
  }
}

@media screen and (max-width:1024px) {
  .c0 .player-join-form-container {
    max-width: 800px;
  }

  .c0 .player-join-form {
    grid-template-rows: 60px 80px 1fr;
  }
}

@media screen and (max-width:970px) {
  .c0 .player-join-form {
    grid-template-rows: 60px 60px 1fr;
  }

  .c0 input {
    font-size: 1.2rem;
    border-bottom: 2px solid var(--primary-text-color);
    padding-top: 40px;
  }

  .c0 input::-webkit-input-placeholder {
    font-size: 1.2rem;
  }

  .c0 input::-moz-placeholder {
    font-size: 1.2rem;
  }

  .c0 input:-ms-input-placeholder {
    font-size: 1.2rem;
  }

  .c0 input::placeholder {
    font-size: 1.2rem;
  }
}

@media screen and (max-width:785px) {
  .c0 {
    grid-template-rows: 180px 1fr 120px;
  }

  .c0 .player-join-form-container {
    margin-top: -88px;
  }
}

@media screen and (max-width:646px) {
  .c0 .player-join-form-container {
    padding-left: 40px;
    padding-right: 40px;
  }

  .c0 .player-join-form {
    grid-template-columns: 1fr;
    grid-template-rows: 60px 60px 40px 1fr;
  }

  .c0 .player-join-name-input {
    grid-row: 1;
    grid-column: 1;
  }

  .c0 .player-join-code-input {
    grid-row: 2;
    grid-column: 1;
  }

  .c0 .player-join-name-input,
  .c0 .player-join-code-input {
    margin: 0 16px;
  }
}

@media screen and (max-width:375px) {
  .c0 .player-join-form-container {
    padding: 20px;
  }
}

@media screen and (max-width:365px) {
  .c0 {
    grid-template-rows: 130px 1fr 140px;
  }
}

@media screen and (max-width:970px) {
  .c2 h1 {
    font-size: 4rem;
    line-height: 5rem;
    margin-bottom: -20px;
  }
}

@media screen and (max-width:785px) {
  .c2 h1 {
    font-size: 4rem;
    line-height: 4.5rem;
    margin-bottom: -15px;
  }
}

@media screen and (max-width:365px) {
  .c2 h1 {
    font-size: 3rem;
    line-height: 3.5rem;
    margin-bottom: -12px;
  }
}

@media screen and (max-width:2000px) {
  .c4 {
    font-size: 1.5rem;
    width: 360px;
    height: 100px;
  }
}

@media screen and (max-width:970px) {
  .c4 {
    font-size: 1.2rem;
    width: 288px;
    height: 80px;
  }
}

@media screen and (max-width:785px) {
  .c4 {
    grid-row: 4;
  }
}

@media screen and (max-width:450px) {
  .c4 {
    width: 260px;
    height: 72px;
  }
}

<div
  className="c0 primary-background"
  data-testid="player-join-container"
>
  <header
    className="c1 c2"
  >
    <h1>
      Cards of Carousal
    </h1>
  </header>
  <main>
    <div
      className="player-join-form-container"
    >
      <form
        className="player-join-form"
        onSubmit={[Function]}
      >
        <input
          className="player-join-name-input"
          maxLength="12"
          onChange={[Function]}
          placeholder="name"
          required={true}
          type="text"
          value=""
        />
        <input
          className="player-join-code-input"
          maxLength="4"
          onChange={[Function]}
          placeholder="join code"
          required={true}
          type="text"
          value=""
        />
        <button
          className="c3 c4"
          data-testid="player-join-submit-button"
          type="submit"
        >
          Let's Carouse!
        </button>
      </form>
    </div>
  </main>
  <footer
    className="c5"
  >
    <p>
      Card content thanks to:
       
      <a
        href="https://cardsagainsthumanity.com"
      >
        https://cardsagainsthumanity.com
      </a>
    </p>
    <p>
      Made by Odin students, with love:
       
      <a
        href="https://www.theodinproject.com"
      >
        https://www.theodinproject.com
      </a>
    </p>
  </footer>
</div>
`;
